2026-04-18 10:29:04,832 - WARNING - WARNING: Disk usage high
2026-04-18 10:29:06,834 - INFO - User login successful
2026-04-18 10:29:08,834 - WARNING - WARNING: Disk usage high
2026-04-18 10:29:10,835 - INFO - Database connected
2026-04-18 10:29:12,835 - INFO - Request processed successfully
2026-04-18 10:29:14,836 - ERROR - ERROR: Database connection failed
2026-04-18 10:29:16,836 - WARNING - WARNING: Disk usage high
2026-04-18 10:29:18,837 - INFO - Request processed successfully
2026-04-18 10:29:20,837 - ERROR - ERROR: Database connection failed
2026-04-18 10:29:22,838 - ERROR - Exception: Null pointer error
2026-04-18 10:29:24,839 - INFO - Database connected
2026-04-18 10:29:26,840 - WARNING - WARNING: Disk usage high
2026-04-18 10:29:28,841 - INFO - HTTP 500 Internal Server Error
2026-04-18 10:29:30,842 - INFO - Database connected
2026-04-18 10:29:32,843 - INFO - Database connected
2026-04-18 10:29:34,843 - ERROR - Exception: Null pointer error
2026-04-18 10:29:36,844 - ERROR - Exception: Null pointer error
2026-04-18 10:29:38,844 - INFO - Database connected
2026-04-18 10:29:40,845 - INFO - HTTP 500 Internal Server Error
2026-04-18 10:29:42,847 - INFO - User login successful
2026-04-18 10:29:44,847 - INFO - User login successful
2026-04-18 10:29:46,848 - INFO - Database connected
2026-04-18 10:29:48,849 - INFO - User login successful
2026-04-18 10:29:50,850 - INFO - Request processed successfully
2026-04-18 10:29:52,850 - INFO - Request processed successfully
2026-04-18 10:29:54,850 - ERROR - Exception: Null pointer error
2026-04-18 10:29:56,851 - ERROR - ERROR: Database connection failed
2026-04-18 10:29:58,851 - ERROR - Exception: Null pointer error
2026-04-18 10:30:00,852 - INFO - Request processed successfully
2026-04-18 10:30:02,852 - ERROR - ERROR: Database connection failed
2026-04-18 10:30:04,853 - INFO - Database connected
2026-04-18 10:30:06,853 - INFO - Request processed successfully
2026-04-18 10:30:08,854 - ERROR - Exception: Null pointer error
2026-04-18 10:30:10,854 - INFO - User login successful
2026-04-18 10:30:12,858 - INFO - Database connected
2026-04-18 10:30:14,859 - INFO - User login successful
2026-04-18 10:30:16,859 - INFO - Request processed successfully
2026-04-18 10:30:18,859 - INFO - Request processed successfully
2026-04-18 10:30:20,860 - ERROR - Exception: Null pointer error
2026-04-18 10:30:22,860 - ERROR - ERROR: Database connection failed
2026-04-18 10:30:24,860 - INFO - HTTP 500 Internal Server Error
2026-04-18 10:30:26,861 - ERROR - ERROR: Database connection failed
2026-04-18 10:30:28,861 - INFO - Request processed successfully
2026-04-18 10:30:30,861 - INFO - Request processed successfully
